Release 14.7 - xst P.20131013 (nt64)
Copyright (c) 1995-2013 Xilinx, Inc.  All rights reserved.
--> Parameter TMPDIR set to xst/projnav.tmp


Total REAL time to Xst completion: 0.00 secs
Total CPU time to Xst completion: 0.82 secs
 
--> Parameter xsthdpdir set to xst


Total REAL time to Xst completion: 0.00 secs
Total CPU time to Xst completion: 0.83 secs
 
--> Reading design: BaudRateGenerator.prj

TABLE OF CONTENTS
  1) Synthesis Options Summary
  2) HDL Compilation
  3) Design Hierarchy Analysis
  4) HDL Analysis
  5) HDL Synthesis
     5.1) HDL Synthesis Report
  6) Advanced HDL Synthesis
     6.1) Advanced HDL Synthesis Report
  7) Low Level Synthesis
  8) Partition Report
  9) Final Report
	9.1) Device utilization summary
	9.2) Partition Resource Summary
	9.3) TIMING REPORT


=========================================================================
*                      Synthesis Options Summary                        *
=========================================================================
---- Source Parameters
Input File Name                    : "BaudRateGenerator.prj"
Input Format                       : mixed
Ignore Synthesis Constraint File   : NO

---- Target Parameters
Output File Name                   : "BaudRateGenerator"
Output Format                      : NGC
Target Device                      : xc3s500e-4-fg320

---- Source Options
Top Module Name                    : BaudRateGenerator
Automatic FSM Extraction           : YES
FSM Encoding Algorithm             : Auto
Safe Implementation                : No
FSM Style                          : LUT
RAM Extraction                     : Yes
RAM Style                          : Auto
ROM Extraction                     : Yes
Mux Style                          : Auto
Decoder Extraction                 : YES
Priority Encoder Extraction        : Yes
Shift Register Extraction          : YES
Logical Shifter Extraction         : YES
XOR Collapsing                     : YES
ROM Style                          : Auto
Mux Extraction                     : Yes
Resource Sharing                   : YES
Asynchronous To Synchronous        : NO
Multiplier Style                   : Auto
Automatic Register Balancing       : No

---- Target Options
Add IO Buffers                     : YES
Global Maximum Fanout              : 500
Add Generic Clock Buffer(BUFG)     : 24
Register Duplication               : YES
Slice Packing                      : YES
Optimize Instantiated Primitives   : NO
Use Clock Enable                   : Yes
Use Synchronous Set                : Yes
Use Synchronous Reset              : Yes
Pack IO Registers into IOBs        : Auto
Equivalent register Removal        : YES

---- General Options
Optimization Goal                  : Speed
Optimization Effort                : 1
Keep Hierarchy                     : No
Netlist Hierarchy                  : As_Optimized
RTL Output                         : Yes
Global Optimization                : AllClockNets
Read Cores                         : YES
Write Timing Constraints           : NO
Cross Clock Analysis               : NO
Hierarchy Separator                : /
Bus Delimiter                      : <>
Case Specifier                     : Maintain
Slice Utilization Ratio            : 100
BRAM Utilization Ratio             : 100
Verilog 2001                       : YES
Auto BRAM Packing                  : NO
Slice Utilization Ratio Delta      : 5

=========================================================================


=========================================================================
*                          HDL Compilation                              *
=========================================================================
Compiling verilog file "BaudRateGenerator.v" in library work
Module <BaudRateGenerator> compiled
No errors in compilation
Analysis of file <"BaudRateGenerator.prj"> succeeded.
 

=========================================================================
*                     Design Hierarchy Analysis                         *
=========================================================================
Analyzing hierarchy for module <BaudRateGenerator> in library <work>.


=========================================================================
*                            HDL Analysis                               *
=========================================================================
Analyzing top module <BaudRateGenerator>.
Module <BaudRateGenerator> is correct for synthesis.
 

=========================================================================
*                           HDL Synthesis                               *
=========================================================================

Performing bidirectional port resolution...

Synthesizing Unit <BaudRateGenerator>.
    Related source file is "BaudRateGenerator.v".
WARNING:Xst:2475 - Clock and clock enable of counter <counter> are driven by the same logic. The clock enable is removed.
WARNING:Xst:2110 - Clock of register <baud> seems to be also used in the data or control logic of that element.
    Found 1-bit register for signal <baud>.
    Found 15-bit comparator equal for signal <baud$cmp_eq0000> created at line 47.
    Found 15-bit up counter for signal <counter>.
    Found 15-bit comparator equal for signal <counter$cmp_eq0000> created at line 47.
    Found 15-bit adder for signal <old_counter_1$add0000> created at line 46.
    Summary:
	inferred   1 Counter(s).
	inferred   1 D-type flip-flop(s).
	inferred   1 Adder/Subtractor(s).
	inferred   2 Comparator(s).
Unit <BaudRateGenerator> synthesized.


=========================================================================
HDL Synthesis Report

Macro Statistics
# Adders/Subtractors                                   : 1
 15-bit adder                                          : 1
# Counters                                             : 1
 15-bit up counter                                     : 1
# Registers                                            : 1
 1-bit register                                        : 1
# Comparators                                          : 2
 15-bit comparator equal                               : 2

=========================================================================

=========================================================================
*                       Advanced HDL Synthesis                          *
=========================================================================


=========================================================================
Advanced HDL Synthesis Report

Macro Statistics
# Adders/Subtractors                                   : 1
 15-bit adder                                          : 1
# Counters                                             : 1
 15-bit up counter                                     : 1
# Registers                                            : 1
 Flip-Flops                                            : 1
# Comparators                                          : 2
 15-bit comparator equal                               : 2

=========================================================================

=========================================================================
*                         Low Level Synthesis                           *
=========================================================================

Optimizing unit <BaudRateGenerator> ...

Mapping all equations...
Building and optimizing final netlist ...
Found area constraint ratio of 100 (+ 5) on block BaudRateGenerator, actual ratio is 0.

Final Macro Processing ...

=========================================================================
Final Register Report

Macro Statistics
# Registers                                            : 16
 Flip-Flops                                            : 16

=========================================================================

=========================================================================
*                           Partition Report                            *
=========================================================================

Partition Implementation Status
-------------------------------

  No Partitions were found in this design.

-------------------------------

=========================================================================
*                            Final Report                               *
=========================================================================
Final Results
RTL Top Level Output File Name     : BaudRateGenerator.ngr
Top Level Output File Name         : BaudRateGenerator
Output Format                      : NGC
Optimization Goal                  : Speed
Keep Hierarchy                     : No

Design Statistics
# IOs                              : 18

Cell Usage :
# BELS                             : 109
#      GND                         : 1
#      INV                         : 3
#      LUT1                        : 14
#      LUT2                        : 2
#      LUT3                        : 15
#      LUT4                        : 7
#      MUXCY                       : 36
#      VCC                         : 1
#      XORCY                       : 30
# FlipFlops/Latches                : 16
#      FDC                         : 15
#      FDE                         : 1
# Clock Buffers                    : 1
#      BUFG                        : 1
# IO Buffers                       : 18
#      IBUF                        : 17
#      OBUF                        : 1
=========================================================================

Device utilization summary:
---------------------------

Selected Device : 3s500efg320-4 

 Number of Slices:                       22  out of   4656     0%  
 Number of Slice Flip Flops:             16  out of   9312     0%  
 Number of 4 input LUTs:                 41  out of   9312     0%  
 Number of IOs:                          18
 Number of bonded IOBs:                  18  out of    232     7%  
 Number of GCLKs:                         1  out of     24     4%  

---------------------------
Partition Resource Summary:
---------------------------

  No Partitions were found in this design.

---------------------------


=========================================================================
TIMING REPORT

NOTE: THESE TIMING NUMBERS ARE ONLY A SYNTHESIS ESTIMATE.
      FOR ACCURATE TIMING INFORMATION PLEASE REFER TO THE TRACE REPORT
      GENERATED AFTER PLACE-and-ROUTE.

Clock Information:
------------------
-----------------------------------+------------------------+-------+
Clock Signal                       | Clock buffer(FF name)  | Load  |
-----------------------------------+------------------------+-------+
clk                                | IBUF+BUFG              | 16    |
-----------------------------------+------------------------+-------+

Asynchronous Control Signals Information:
----------------------------------------
-----------------------------------+------------------------+-------+
Control Signal                     | Buffer(FF name)        | Load  |
-----------------------------------+------------------------+-------+
rst_inv(rst_inv1_INV_0:O)          | NONE(counter_0)        | 15    |
-----------------------------------+------------------------+-------+

Timing Summary:
---------------
Speed Grade: -4

   Minimum period: 9.965ns (Maximum Frequency: 100.351MHz)
   Minimum input arrival time before clock: 7.799ns
   Maximum output required time after clock: 4.283ns
   Maximum combinational path delay: No path found

Timing Detail:
--------------
All values displayed in nanoseconds (ns)

=========================================================================
Timing constraint: Default period analysis for Clock 'clk'
  Clock period: 9.965ns (frequency: 100.351MHz)
  Total number of paths / destination ports: 16440 / 16
-------------------------------------------------------------------------
Delay:               9.965ns (Levels of Logic = 33)
  Source:            counter_1 (FF)
  Destination:       counter_14 (FF)
  Source Clock:      clk rising
  Destination Clock: clk rising

  Data Path: counter_1 to counter_14
                                Gate     Net
    Cell:in->out      fanout   Delay   Delay  Logical Name (Net Name)
    ----------------------------------------  ------------
     FDC:C->Q              2   0.591   0.622  counter_1 (counter_1)
     LUT1:I0->O            1   0.704   0.000  Madd_old_counter_1_add0000_cy<1>_rt (Madd_old_counter_1_add0000_cy<1>_rt)
     MUXCY:S->O            1   0.464   0.000  Madd_old_counter_1_add0000_cy<1> (Madd_old_counter_1_add0000_cy<1>)
     MUXCY:CI->O           1   0.059   0.000  Madd_old_counter_1_add0000_cy<2> (Madd_old_counter_1_add0000_cy<2>)
     MUXCY:CI->O           1   0.059   0.000  Madd_old_counter_1_add0000_cy<3> (Madd_old_counter_1_add0000_cy<3>)
     MUXCY:CI->O           1   0.059   0.000  Madd_old_counter_1_add0000_cy<4> (Madd_old_counter_1_add0000_cy<4>)
     MUXCY:CI->O           1   0.059   0.000  Madd_old_counter_1_add0000_cy<5> (Madd_old_counter_1_add0000_cy<5>)
     MUXCY:CI->O           1   0.059   0.000  Madd_old_counter_1_add0000_cy<6> (Madd_old_counter_1_add0000_cy<6>)
     MUXCY:CI->O           1   0.059   0.000  Madd_old_counter_1_add0000_cy<7> (Madd_old_counter_1_add0000_cy<7>)
     MUXCY:CI->O           1   0.059   0.000  Madd_old_counter_1_add0000_cy<8> (Madd_old_counter_1_add0000_cy<8>)
     MUXCY:CI->O           1   0.059   0.000  Madd_old_counter_1_add0000_cy<9> (Madd_old_counter_1_add0000_cy<9>)
     MUXCY:CI->O           1   0.059   0.000  Madd_old_counter_1_add0000_cy<10> (Madd_old_counter_1_add0000_cy<10>)
     MUXCY:CI->O           1   0.059   0.000  Madd_old_counter_1_add0000_cy<11> (Madd_old_counter_1_add0000_cy<11>)
     MUXCY:CI->O           1   0.059   0.000  Madd_old_counter_1_add0000_cy<12> (Madd_old_counter_1_add0000_cy<12>)
     MUXCY:CI->O           0   0.059   0.000  Madd_old_counter_1_add0000_cy<13> (Madd_old_counter_1_add0000_cy<13>)
     XORCY:CI->O           1   0.804   0.499  Madd_old_counter_1_add0000_xor<14> (old_counter_1_add0000<14>)
     LUT2:I1->O            1   0.704   0.000  Mcompar_counter_cmp_eq0000_lut<7> (Mcompar_counter_cmp_eq0000_lut<7>)
     MUXCY:S->O           17   0.736   1.086  Mcompar_counter_cmp_eq0000_cy<7> (Mcompar_counter_cmp_eq0000_cy<7>)
     LUT3:I2->O            1   0.704   0.000  Mcount_counter_lut<0> (Mcount_counter_lut<0>)
     MUXCY:S->O            1   0.464   0.000  Mcount_counter_cy<0> (Mcount_counter_cy<0>)
     MUXCY:CI->O           1   0.059   0.000  Mcount_counter_cy<1> (Mcount_counter_cy<1>)
     MUXCY:CI->O           1   0.059   0.000  Mcount_counter_cy<2> (Mcount_counter_cy<2>)
     MUXCY:CI->O           1   0.059   0.000  Mcount_counter_cy<3> (Mcount_counter_cy<3>)
     MUXCY:CI->O           1   0.059   0.000  Mcount_counter_cy<4> (Mcount_counter_cy<4>)
     MUXCY:CI->O           1   0.059   0.000  Mcount_counter_cy<5> (Mcount_counter_cy<5>)
     MUXCY:CI->O           1   0.059   0.000  Mcount_counter_cy<6> (Mcount_counter_cy<6>)
     MUXCY:CI->O           1   0.059   0.000  Mcount_counter_cy<7> (Mcount_counter_cy<7>)
     MUXCY:CI->O           1   0.059   0.000  Mcount_counter_cy<8> (Mcount_counter_cy<8>)
     MUXCY:CI->O           1   0.059   0.000  Mcount_counter_cy<9> (Mcount_counter_cy<9>)
     MUXCY:CI->O           1   0.059   0.000  Mcount_counter_cy<10> (Mcount_counter_cy<10>)
     MUXCY:CI->O           1   0.059   0.000  Mcount_counter_cy<11> (Mcount_counter_cy<11>)
     MUXCY:CI->O           1   0.059   0.000  Mcount_counter_cy<12> (Mcount_counter_cy<12>)
     MUXCY:CI->O           0   0.059   0.000  Mcount_counter_cy<13> (Mcount_counter_cy<13>)
     XORCY:CI->O           1   0.804   0.000  Mcount_counter_xor<14> (Mcount_counter14)
     FDC:D                     0.308          counter_14
    ----------------------------------------
    Total                      9.965ns (7.758ns logic, 2.207ns route)
                                       (77.9% logic, 22.1% route)

=========================================================================
Timing constraint: Default OFFSET IN BEFORE for Clock 'clk'
  Total number of paths / destination ports: 2042 / 17
-------------------------------------------------------------------------
Offset:              7.799ns (Levels of Logic = 26)
  Source:            baudRate<1> (PAD)
  Destination:       counter_14 (FF)
  Destination Clock: clk rising

  Data Path: baudRate<1> to counter_14
                                Gate     Net
    Cell:in->out      fanout   Delay   Delay  Logical Name (Net Name)
    ----------------------------------------  ------------
     IBUF:I->O             1   1.218   0.595  baudRate_1_IBUF (baudRate_1_IBUF)
     LUT4:I0->O            1   0.704   0.000  Mcompar_counter_cmp_eq0000_lut<0> (Mcompar_counter_cmp_eq0000_lut<0>)
     MUXCY:S->O            1   0.464   0.000  Mcompar_counter_cmp_eq0000_cy<0> (Mcompar_counter_cmp_eq0000_cy<0>)
     MUXCY:CI->O           1   0.059   0.000  Mcompar_counter_cmp_eq0000_cy<1> (Mcompar_counter_cmp_eq0000_cy<1>)
     MUXCY:CI->O           1   0.059   0.000  Mcompar_counter_cmp_eq0000_cy<2> (Mcompar_counter_cmp_eq0000_cy<2>)
     MUXCY:CI->O           1   0.059   0.000  Mcompar_counter_cmp_eq0000_cy<3> (Mcompar_counter_cmp_eq0000_cy<3>)
     MUXCY:CI->O           1   0.059   0.000  Mcompar_counter_cmp_eq0000_cy<4> (Mcompar_counter_cmp_eq0000_cy<4>)
     MUXCY:CI->O           1   0.059   0.000  Mcompar_counter_cmp_eq0000_cy<5> (Mcompar_counter_cmp_eq0000_cy<5>)
     MUXCY:CI->O           1   0.059   0.000  Mcompar_counter_cmp_eq0000_cy<6> (Mcompar_counter_cmp_eq0000_cy<6>)
     MUXCY:CI->O          17   0.331   1.086  Mcompar_counter_cmp_eq0000_cy<7> (Mcompar_counter_cmp_eq0000_cy<7>)
     LUT3:I2->O            1   0.704   0.000  Mcount_counter_lut<0> (Mcount_counter_lut<0>)
     MUXCY:S->O            1   0.464   0.000  Mcount_counter_cy<0> (Mcount_counter_cy<0>)
     MUXCY:CI->O           1   0.059   0.000  Mcount_counter_cy<1> (Mcount_counter_cy<1>)
     MUXCY:CI->O           1   0.059   0.000  Mcount_counter_cy<2> (Mcount_counter_cy<2>)
     MUXCY:CI->O           1   0.059   0.000  Mcount_counter_cy<3> (Mcount_counter_cy<3>)
     MUXCY:CI->O           1   0.059   0.000  Mcount_counter_cy<4> (Mcount_counter_cy<4>)
     MUXCY:CI->O           1   0.059   0.000  Mcount_counter_cy<5> (Mcount_counter_cy<5>)
     MUXCY:CI->O           1   0.059   0.000  Mcount_counter_cy<6> (Mcount_counter_cy<6>)
     MUXCY:CI->O           1   0.059   0.000  Mcount_counter_cy<7> (Mcount_counter_cy<7>)
     MUXCY:CI->O           1   0.059   0.000  Mcount_counter_cy<8> (Mcount_counter_cy<8>)
     MUXCY:CI->O           1   0.059   0.000  Mcount_counter_cy<9> (Mcount_counter_cy<9>)
     MUXCY:CI->O           1   0.059   0.000  Mcount_counter_cy<10> (Mcount_counter_cy<10>)
     MUXCY:CI->O           1   0.059   0.000  Mcount_counter_cy<11> (Mcount_counter_cy<11>)
     MUXCY:CI->O           1   0.059   0.000  Mcount_counter_cy<12> (Mcount_counter_cy<12>)
     MUXCY:CI->O           0   0.059   0.000  Mcount_counter_cy<13> (Mcount_counter_cy<13>)
     XORCY:CI->O           1   0.804   0.000  Mcount_counter_xor<14> (Mcount_counter14)
     FDC:D                     0.308          counter_14
    ----------------------------------------
    Total                      7.799ns (6.118ns logic, 1.681ns route)
                                       (78.4% logic, 21.6% route)

=========================================================================
Timing constraint: Default OFFSET OUT AFTER for Clock 'clk'
  Total number of paths / destination ports: 1 / 1
-------------------------------------------------------------------------
Offset:              4.283ns (Levels of Logic = 1)
  Source:            baud (FF)
  Destination:       baud (PAD)
  Source Clock:      clk rising

  Data Path: baud to baud
                                Gate     Net
    Cell:in->out      fanout   Delay   Delay  Logical Name (Net Name)
    ----------------------------------------  ------------
     FDE:C->Q              1   0.591   0.420  baud (baud_OBUF)
     OBUF:I->O                 3.272          baud_OBUF (baud)
    ----------------------------------------
    Total                      4.283ns (3.863ns logic, 0.420ns route)
                                       (90.2% logic, 9.8% route)

=========================================================================


Total REAL time to Xst completion: 5.00 secs
Total CPU time to Xst completion: 5.95 secs
 
--> 

Total memory usage is 4533924 kilobytes

Number of errors   :    0 (   0 filtered)
Number of warnings :    2 (   0 filtered)
Number of infos    :    0 (   0 filtered)

