Release 14.7 - xst P.20131013 (nt64)
Copyright (c) 1995-2013 Xilinx, Inc.  All rights reserved.
--> Parameter TMPDIR set to xst/projnav.tmp


Total REAL time to Xst completion: 0.00 secs
Total CPU time to Xst completion: 0.12 secs
 
--> Parameter xsthdpdir set to xst


Total REAL time to Xst completion: 0.00 secs
Total CPU time to Xst completion: 0.12 secs
 
--> Reading design: PISO.prj

TABLE OF CONTENTS
  1) Synthesis Options Summary
  2) HDL Compilation
  3) Design Hierarchy Analysis
  4) HDL Analysis
  5) HDL Synthesis
     5.1) HDL Synthesis Report
  6) Advanced HDL Synthesis
     6.1) Advanced HDL Synthesis Report
  7) Low Level Synthesis
  8) Partition Report
  9) Final Report
	9.1) Device utilization summary
	9.2) Partition Resource Summary
	9.3) TIMING REPORT


=========================================================================
*                      Synthesis Options Summary                        *
=========================================================================
---- Source Parameters
Input File Name                    : "PISO.prj"
Input Format                       : mixed
Ignore Synthesis Constraint File   : NO

---- Target Parameters
Output File Name                   : "PISO"
Output Format                      : NGC
Target Device                      : xc3s500e-4-fg320

---- Source Options
Top Module Name                    : PISO
Automatic FSM Extraction           : YES
FSM Encoding Algorithm             : Auto
Safe Implementation                : No
FSM Style                          : LUT
RAM Extraction                     : Yes
RAM Style                          : Auto
ROM Extraction                     : Yes
Mux Style                          : Auto
Decoder Extraction                 : YES
Priority Encoder Extraction        : Yes
Shift Register Extraction          : YES
Logical Shifter Extraction         : YES
XOR Collapsing                     : YES
ROM Style                          : Auto
Mux Extraction                     : Yes
Resource Sharing                   : YES
Asynchronous To Synchronous        : NO
Multiplier Style                   : Auto
Automatic Register Balancing       : No

---- Target Options
Add IO Buffers                     : YES
Global Maximum Fanout              : 500
Add Generic Clock Buffer(BUFG)     : 24
Register Duplication               : YES
Slice Packing                      : YES
Optimize Instantiated Primitives   : NO
Use Clock Enable                   : Yes
Use Synchronous Set                : Yes
Use Synchronous Reset              : Yes
Pack IO Registers into IOBs        : Auto
Equivalent register Removal        : YES

---- General Options
Optimization Goal                  : Speed
Optimization Effort                : 1
Keep Hierarchy                     : No
Netlist Hierarchy                  : As_Optimized
RTL Output                         : Yes
Global Optimization                : AllClockNets
Read Cores                         : YES
Write Timing Constraints           : NO
Cross Clock Analysis               : NO
Hierarchy Separator                : /
Bus Delimiter                      : <>
Case Specifier                     : Maintain
Slice Utilization Ratio            : 100
BRAM Utilization Ratio             : 100
Verilog 2001                       : YES
Auto BRAM Packing                  : NO
Slice Utilization Ratio Delta      : 5

=========================================================================


=========================================================================
*                          HDL Compilation                              *
=========================================================================
Compiling verilog file "PISO.v" in library work
Module <PISO> compiled
No errors in compilation
Analysis of file <"PISO.prj"> succeeded.
 

=========================================================================
*                     Design Hierarchy Analysis                         *
=========================================================================
Analyzing hierarchy for module <PISO> in library <work>.


=========================================================================
*                            HDL Analysis                               *
=========================================================================
Analyzing top module <PISO>.
WARNING:Xst:2323 - "PISO.v" line 52: Parameter 3 is not constant in call of system task $display.
"PISO.v" line 52: $display :  j =          0, temp = %d
WARNING:Xst:2323 - "PISO.v" line 52: Parameter 3 is not constant in call of system task $display.
"PISO.v" line 52: $display :  j =          1, temp = %d
WARNING:Xst:2323 - "PISO.v" line 52: Parameter 3 is not constant in call of system task $display.
"PISO.v" line 52: $display :  j =          2, temp = %d
WARNING:Xst:2323 - "PISO.v" line 52: Parameter 3 is not constant in call of system task $display.
"PISO.v" line 52: $display :  j =          3, temp = %d
WARNING:Xst:2323 - "PISO.v" line 52: Parameter 3 is not constant in call of system task $display.
"PISO.v" line 52: $display :  j =          4, temp = %d
WARNING:Xst:2323 - "PISO.v" line 52: Parameter 3 is not constant in call of system task $display.
"PISO.v" line 52: $display :  j =          5, temp = %d
WARNING:Xst:2323 - "PISO.v" line 52: Parameter 3 is not constant in call of system task $display.
"PISO.v" line 52: $display :  j =          6, temp = %d
WARNING:Xst:2323 - "PISO.v" line 52: Parameter 3 is not constant in call of system task $display.
"PISO.v" line 52: $display :  j =          7, temp = %d
Module <PISO> is correct for synthesis.
 

=========================================================================
*                           HDL Synthesis                               *
=========================================================================

Performing bidirectional port resolution...
INFO:Xst:2679 - Register <j> in unit <PISO> has a constant value of 1000 during circuit operation. The register is replaced by logic.

Synthesizing Unit <PISO>.
    Related source file is "PISO.v".
    Using one-hot encoding for signal <i>.
    Found 1-bit register for signal <serialData>.
    Found 2-bit register for signal <i>.
    Found 8-bit register for signal <temp>.
    Summary:
	inferred   9 D-type flip-flop(s).
Unit <PISO> synthesized.


=========================================================================
HDL Synthesis Report

Macro Statistics
# Registers                                            : 10
 1-bit register                                        : 9
 2-bit register                                        : 1

=========================================================================

=========================================================================
*                       Advanced HDL Synthesis                          *
=========================================================================


=========================================================================
Advanced HDL Synthesis Report

Macro Statistics
# Registers                                            : 11
 Flip-Flops                                            : 11

=========================================================================

=========================================================================
*                         Low Level Synthesis                           *
=========================================================================
WARNING:Xst:2677 - Node <i_1> of sequential type is unconnected in block <PISO>.

Optimizing unit <PISO> ...

Mapping all equations...
Building and optimizing final netlist ...
Found area constraint ratio of 100 (+ 5) on block PISO, actual ratio is 0.

Final Macro Processing ...

=========================================================================
Final Register Report

Macro Statistics
# Registers                                            : 10
 Flip-Flops                                            : 10

=========================================================================

=========================================================================
*                           Partition Report                            *
=========================================================================

Partition Implementation Status
-------------------------------

  No Partitions were found in this design.

-------------------------------

=========================================================================
*                            Final Report                               *
=========================================================================
Final Results
RTL Top Level Output File Name     : PISO.ngr
Top Level Output File Name         : PISO
Output Format                      : NGC
Optimization Goal                  : Speed
Keep Hierarchy                     : No

Design Statistics
# IOs                              : 11

Cell Usage :
# BELS                             : 34
#      GND                         : 1
#      INV                         : 1
#      LUT2                        : 17
#      LUT3                        : 9
#      LUT4                        : 4
#      MUXF5                       : 2
# FlipFlops/Latches                : 10
#      FDC                         : 1
#      FDCE                        : 1
#      FDCP                        : 8
# Clock Buffers                    : 1
#      BUFGP                       : 1
# IO Buffers                       : 10
#      IBUF                        : 9
#      OBUF                        : 1
=========================================================================

Device utilization summary:
---------------------------

Selected Device : 3s500efg320-4 

 Number of Slices:                       17  out of   4656     0%  
 Number of Slice Flip Flops:             10  out of   9312     0%  
 Number of 4 input LUTs:                 31  out of   9312     0%  
 Number of IOs:                          11
 Number of bonded IOBs:                  11  out of    232     4%  
 Number of GCLKs:                         1  out of     24     4%  

---------------------------
Partition Resource Summary:
---------------------------

  No Partitions were found in this design.

---------------------------


=========================================================================
TIMING REPORT

NOTE: THESE TIMING NUMBERS ARE ONLY A SYNTHESIS ESTIMATE.
      FOR ACCURATE TIMING INFORMATION PLEASE REFER TO THE TRACE REPORT
      GENERATED AFTER PLACE-and-ROUTE.

Clock Information:
------------------
-----------------------------------+------------------------+-------+
Clock Signal                       | Clock buffer(FF name)  | Load  |
-----------------------------------+------------------------+-------+
clk                                | BUFGP                  | 10    |
-----------------------------------+------------------------+-------+

Asynchronous Control Signals Information:
----------------------------------------
-----------------------------------+------------------------+-------+
Control Signal                     | Buffer(FF name)        | Load  |
-----------------------------------+------------------------+-------+
i_Acst_inv(i_Acst_inv1_INV_0:O)    | NONE(i_0)              | 2     |
temp_0_and0000(temp_0_and00001:O)  | NONE(temp_0)           | 1     |
temp_0_and0001(temp_0_and00011:O)  | NONE(temp_0)           | 1     |
temp_1_and0000(temp_1_and00001:O)  | NONE(temp_1)           | 1     |
temp_1_and0001(temp_1_and00011:O)  | NONE(temp_1)           | 1     |
temp_2_and0000(temp_2_and00001:O)  | NONE(temp_2)           | 1     |
temp_2_and0001(temp_2_and00011:O)  | NONE(temp_2)           | 1     |
temp_3_and0000(temp_3_and00001:O)  | NONE(temp_3)           | 1     |
temp_3_and0001(temp_3_and00011:O)  | NONE(temp_3)           | 1     |
temp_4_and0000(temp_4_and00001:O)  | NONE(temp_4)           | 1     |
temp_4_and0001(temp_4_and00011:O)  | NONE(temp_4)           | 1     |
temp_5_and0000(temp_5_and00001:O)  | NONE(temp_5)           | 1     |
temp_5_and0001(temp_5_and00011:O)  | NONE(temp_5)           | 1     |
temp_6_and0000(temp_6_and00001:O)  | NONE(temp_6)           | 1     |
temp_6_and0001(temp_6_and00011:O)  | NONE(temp_6)           | 1     |
temp_7_and0000(temp_7_and00001:O)  | NONE(temp_7)           | 1     |
temp_7_and0001(temp_7_and00011:O)  | NONE(temp_7)           | 1     |
-----------------------------------+------------------------+-------+

Timing Summary:
---------------
Speed Grade: -4

   Minimum period: 4.468ns (Maximum Frequency: 223.814MHz)
   Minimum input arrival time before clock: 5.210ns
   Maximum output required time after clock: 4.283ns
   Maximum combinational path delay: No path found

Timing Detail:
--------------
All values displayed in nanoseconds (ns)

=========================================================================
Timing constraint: Default period analysis for Clock 'clk'
  Clock period: 4.468ns (frequency: 223.814MHz)
  Total number of paths / destination ports: 37 / 10
-------------------------------------------------------------------------
Delay:               4.468ns (Levels of Logic = 2)
  Source:            i_0 (FF)
  Destination:       i_0 (FF)
  Source Clock:      clk rising
  Destination Clock: clk rising

  Data Path: i_0 to i_0
                                Gate     Net
    Cell:in->out      fanout   Delay   Delay  Logical Name (Net Name)
    ----------------------------------------  ------------
     FDCE:C->Q            11   0.591   0.933  i_0 (i_0)
     MUXF5:S->O            2   0.739   0.526  i_cmp_eq000025 (i_cmp_eq000025)
     LUT3:I1->O            1   0.704   0.420  i_not00011 (i_not0001)
     FDCE:CE                   0.555          i_0
    ----------------------------------------
    Total                      4.468ns (2.589ns logic, 1.879ns route)
                                       (57.9% logic, 42.1% route)

=========================================================================
Timing constraint: Default OFFSET IN BEFORE for Clock 'clk'
  Total number of paths / destination ports: 24 / 10
-------------------------------------------------------------------------
Offset:              5.210ns (Levels of Logic = 4)
  Source:            data<4> (PAD)
  Destination:       i_0 (FF)
  Destination Clock: clk rising

  Data Path: data<4> to i_0
                                Gate     Net
    Cell:in->out      fanout   Delay   Delay  Logical Name (Net Name)
    ----------------------------------------  ------------
     IBUF:I->O             4   1.218   0.762  data_4_IBUF (data_4_IBUF)
     LUT4:I0->O            1   0.704   0.000  i_cmp_eq000025_F (N01)
     MUXF5:I0->O           2   0.321   0.526  i_cmp_eq000025 (i_cmp_eq000025)
     LUT3:I1->O            1   0.704   0.420  i_not00011 (i_not0001)
     FDCE:CE                   0.555          i_0
    ----------------------------------------
    Total                      5.210ns (3.502ns logic, 1.708ns route)
                                       (67.2% logic, 32.8% route)

=========================================================================
Timing constraint: Default OFFSET OUT AFTER for Clock 'clk'
  Total number of paths / destination ports: 1 / 1
-------------------------------------------------------------------------
Offset:              4.283ns (Levels of Logic = 1)
  Source:            serialData (FF)
  Destination:       serialData (PAD)
  Source Clock:      clk rising

  Data Path: serialData to serialData
                                Gate     Net
    Cell:in->out      fanout   Delay   Delay  Logical Name (Net Name)
    ----------------------------------------  ------------
     FDC:C->Q              1   0.591   0.420  serialData (serialData_OBUF)
     OBUF:I->O                 3.272          serialData_OBUF (serialData)
    ----------------------------------------
    Total                      4.283ns (3.863ns logic, 0.420ns route)
                                       (90.2% logic, 9.8% route)

=========================================================================


Total REAL time to Xst completion: 5.00 secs
Total CPU time to Xst completion: 4.84 secs
 
--> 

Total memory usage is 4533924 kilobytes

Number of errors   :    0 (   0 filtered)
Number of warnings :    9 (   0 filtered)
Number of infos    :    1 (   0 filtered)

