Release 14.7 - xst P.20131013 (nt64)
Copyright (c) 1995-2013 Xilinx, Inc.  All rights reserved.
--> Parameter TMPDIR set to xst/projnav.tmp


Total REAL time to Xst completion: 0.00 secs
Total CPU time to Xst completion: 0.13 secs
 
--> Parameter xsthdpdir set to xst


Total REAL time to Xst completion: 0.00 secs
Total CPU time to Xst completion: 0.13 secs
 
--> Reading design: transmitter.prj

TABLE OF CONTENTS
  1) Synthesis Options Summary
  2) HDL Compilation
  3) Design Hierarchy Analysis
  4) HDL Analysis
  5) HDL Synthesis
     5.1) HDL Synthesis Report
  6) Advanced HDL Synthesis
     6.1) Advanced HDL Synthesis Report
  7) Low Level Synthesis
  8) Partition Report
  9) Final Report
	9.1) Device utilization summary
	9.2) Partition Resource Summary
	9.3) TIMING REPORT


=========================================================================
*                      Synthesis Options Summary                        *
=========================================================================
---- Source Parameters
Input File Name                    : "transmitter.prj"
Input Format                       : mixed
Ignore Synthesis Constraint File   : NO

---- Target Parameters
Output File Name                   : "transmitter"
Output Format                      : NGC
Target Device                      : xc3s500e-4-fg320

---- Source Options
Top Module Name                    : transmitter
Automatic FSM Extraction           : YES
FSM Encoding Algorithm             : Auto
Safe Implementation                : No
FSM Style                          : LUT
RAM Extraction                     : Yes
RAM Style                          : Auto
ROM Extraction                     : Yes
Mux Style                          : Auto
Decoder Extraction                 : YES
Priority Encoder Extraction        : Yes
Shift Register Extraction          : YES
Logical Shifter Extraction         : YES
XOR Collapsing                     : YES
ROM Style                          : Auto
Mux Extraction                     : Yes
Resource Sharing                   : YES
Asynchronous To Synchronous        : NO
Multiplier Style                   : Auto
Automatic Register Balancing       : No

---- Target Options
Add IO Buffers                     : YES
Global Maximum Fanout              : 500
Add Generic Clock Buffer(BUFG)     : 24
Register Duplication               : YES
Slice Packing                      : YES
Optimize Instantiated Primitives   : NO
Use Clock Enable                   : Yes
Use Synchronous Set                : Yes
Use Synchronous Reset              : Yes
Pack IO Registers into IOBs        : Auto
Equivalent register Removal        : YES

---- General Options
Optimization Goal                  : Speed
Optimization Effort                : 1
Keep Hierarchy                     : No
Netlist Hierarchy                  : As_Optimized
RTL Output                         : Yes
Global Optimization                : AllClockNets
Read Cores                         : YES
Write Timing Constraints           : NO
Cross Clock Analysis               : NO
Hierarchy Separator                : /
Bus Delimiter                      : <>
Case Specifier                     : Maintain
Slice Utilization Ratio            : 100
BRAM Utilization Ratio             : 100
Verilog 2001                       : YES
Auto BRAM Packing                  : NO
Slice Utilization Ratio Delta      : 5

=========================================================================


=========================================================================
*                          HDL Compilation                              *
=========================================================================
Compiling verilog file "PISO.v" in library work
Compiling verilog file "transmitter.v" in library work
Module <PISO> compiled
Module <transmitter> compiled
No errors in compilation
Analysis of file <"transmitter.prj"> succeeded.
 

=========================================================================
*                     Design Hierarchy Analysis                         *
=========================================================================
Analyzing hierarchy for module <transmitter> in library <work>.

Analyzing hierarchy for module <PISO> in library <work>.


=========================================================================
*                            HDL Analysis                               *
=========================================================================
Analyzing top module <transmitter>.
Module <transmitter> is correct for synthesis.
 
Analyzing module <PISO> in library <work>.
WARNING:Xst:2323 - "PISO.v" line 60: Parameter 2 is not constant in call of system task $display.
"PISO.v" line 60: $display : %d
Module <PISO> is correct for synthesis.
 

=========================================================================
*                           HDL Synthesis                               *
=========================================================================

Performing bidirectional port resolution...
INFO:Xst:2679 - Register <j> in unit <PISO> has a constant value of 1000 during circuit operation. The register is replaced by logic.
INFO:Xst:2679 - Register <i> in unit <PISO> has a constant value of 00000000000000000000000000000000 during circuit operation. The register is replaced by logic.

Synthesizing Unit <PISO>.
    Related source file is "PISO.v".
    Found 1-bit register for signal <serialData>.
    Found 8-bit register for signal <temp>.
    Summary:
	inferred   9 D-type flip-flop(s).
Unit <PISO> synthesized.


Synthesizing Unit <transmitter>.
    Related source file is "transmitter.v".
    Found 1-bit register for signal <busy>.
    Found 1-bit register for signal <tx>.
    Summary:
	inferred   2 D-type flip-flop(s).
Unit <transmitter> synthesized.


=========================================================================
HDL Synthesis Report

Macro Statistics
# Registers                                            : 11
 1-bit register                                        : 11

=========================================================================

=========================================================================
*                       Advanced HDL Synthesis                          *
=========================================================================


=========================================================================
Advanced HDL Synthesis Report

Macro Statistics
# Registers                                            : 11
 Flip-Flops                                            : 11

=========================================================================

=========================================================================
*                         Low Level Synthesis                           *
=========================================================================

Optimizing unit <transmitter> ...

Optimizing unit <PISO> ...

Mapping all equations...
Building and optimizing final netlist ...
Found area constraint ratio of 100 (+ 5) on block transmitter, actual ratio is 0.

Final Macro Processing ...

=========================================================================
Final Register Report

Macro Statistics
# Registers                                            : 11
 Flip-Flops                                            : 11

=========================================================================

=========================================================================
*                           Partition Report                            *
=========================================================================

Partition Implementation Status
-------------------------------

  No Partitions were found in this design.

-------------------------------

=========================================================================
*                            Final Report                               *
=========================================================================
Final Results
RTL Top Level Output File Name     : transmitter.ngr
Top Level Output File Name         : transmitter
Output Format                      : NGC
Optimization Goal                  : Speed
Keep Hierarchy                     : No

Design Statistics
# IOs                              : 13

Cell Usage :
# BELS                             : 19
#      GND                         : 1
#      INV                         : 2
#      LUT2                        : 16
# FlipFlops/Latches                : 11
#      FDC                         : 1
#      FDCE                        : 1
#      FDCP                        : 8
#      FDP                         : 1
# Clock Buffers                    : 1
#      BUFGP                       : 1
# IO Buffers                       : 12
#      IBUF                        : 10
#      OBUF                        : 2
=========================================================================

Device utilization summary:
---------------------------

Selected Device : 3s500efg320-4 

 Number of Slices:                        9  out of   4656     0%  
 Number of Slice Flip Flops:             10  out of   9312     0%  
 Number of 4 input LUTs:                 18  out of   9312     0%  
 Number of IOs:                          13
 Number of bonded IOBs:                  13  out of    232     5%  
    IOB Flip Flops:                       1
 Number of GCLKs:                         1  out of     24     4%  

---------------------------
Partition Resource Summary:
---------------------------

  No Partitions were found in this design.

---------------------------


=========================================================================
TIMING REPORT

NOTE: THESE TIMING NUMBERS ARE ONLY A SYNTHESIS ESTIMATE.
      FOR ACCURATE TIMING INFORMATION PLEASE REFER TO THE TRACE REPORT
      GENERATED AFTER PLACE-and-ROUTE.

Clock Information:
------------------
-----------------------------------+------------------------+-------+
Clock Signal                       | Clock buffer(FF name)  | Load  |
-----------------------------------+------------------------+-------+
clk                                | BUFGP                  | 11    |
-----------------------------------+------------------------+-------+

Asynchronous Control Signals Information:
----------------------------------------
-------------------------------------+------------------------+-------+
Control Signal                       | Buffer(FF name)        | Load  |
-------------------------------------+------------------------+-------+
p/rst_inv(rst_inv1_INV_0:O)          | NONE(busy)             | 3     |
p/temp_0_and0000(p/temp_0_and00001:O)| NONE(p/temp_0)         | 1     |
p/temp_0_and0001(p/temp_0_and00011:O)| NONE(p/temp_0)         | 1     |
p/temp_1_and0000(p/temp_1_and00001:O)| NONE(p/temp_1)         | 1     |
p/temp_1_and0001(p/temp_1_and00011:O)| NONE(p/temp_1)         | 1     |
p/temp_2_and0000(p/temp_2_and00001:O)| NONE(p/temp_2)         | 1     |
p/temp_2_and0001(p/temp_2_and00011:O)| NONE(p/temp_2)         | 1     |
p/temp_3_and0000(p/temp_3_and00001:O)| NONE(p/temp_3)         | 1     |
p/temp_3_and0001(p/temp_3_and00011:O)| NONE(p/temp_3)         | 1     |
p/temp_4_and0000(p/temp_4_and00001:O)| NONE(p/temp_4)         | 1     |
p/temp_4_and0001(p/temp_4_and00011:O)| NONE(p/temp_4)         | 1     |
p/temp_5_and0000(p/temp_5_and00001:O)| NONE(p/temp_5)         | 1     |
p/temp_5_and0001(p/temp_5_and00011:O)| NONE(p/temp_5)         | 1     |
p/temp_6_and0000(p/temp_6_and00001:O)| NONE(p/temp_6)         | 1     |
p/temp_6_and0001(p/temp_6_and00011:O)| NONE(p/temp_6)         | 1     |
p/temp_7_and0000(p/temp_7_and00001:O)| NONE(p/temp_7)         | 1     |
p/temp_7_and0001(p/temp_7_and00011:O)| NONE(p/temp_7)         | 1     |
-------------------------------------+------------------------+-------+

Timing Summary:
---------------
Speed Grade: -4

   Minimum period: 1.319ns (Maximum Frequency: 758.150MHz)
   Minimum input arrival time before clock: 3.097ns
   Maximum output required time after clock: 4.283ns
   Maximum combinational path delay: No path found

Timing Detail:
--------------
All values displayed in nanoseconds (ns)

=========================================================================
Timing constraint: Default period analysis for Clock 'clk'
  Clock period: 1.319ns (frequency: 758.150MHz)
  Total number of paths / destination ports: 9 / 9
-------------------------------------------------------------------------
Delay:               1.319ns (Levels of Logic = 0)
  Source:            p/serialData (FF)
  Destination:       tx (FF)
  Source Clock:      clk rising
  Destination Clock: clk rising

  Data Path: p/serialData to tx
                                Gate     Net
    Cell:in->out      fanout   Delay   Delay  Logical Name (Net Name)
    ----------------------------------------  ------------
     FDC:C->Q              1   0.591   0.420  p/serialData (p/serialData)
     FDCE:D                    0.308          tx
    ----------------------------------------
    Total                      1.319ns (0.899ns logic, 0.420ns route)
                                       (68.2% logic, 31.8% route)

=========================================================================
Timing constraint: Default OFFSET IN BEFORE for Clock 'clk'
  Total number of paths / destination ports: 2 / 2
-------------------------------------------------------------------------
Offset:              3.097ns (Levels of Logic = 2)
  Source:            start (PAD)
  Destination:       busy (FF)
  Destination Clock: clk rising

  Data Path: start to busy
                                Gate     Net
    Cell:in->out      fanout   Delay   Delay  Logical Name (Net Name)
    ----------------------------------------  ------------
     IBUF:I->O             2   1.218   0.447  start_IBUF (start_IBUF)
     INV:I->O              1   0.704   0.420  busy_mux00001_INV_0 (busy_mux0000)
     FDP:D                     0.308          busy
    ----------------------------------------
    Total                      3.097ns (2.230ns logic, 0.867ns route)
                                       (72.0% logic, 28.0% route)

=========================================================================
Timing constraint: Default OFFSET OUT AFTER for Clock 'clk'
  Total number of paths / destination ports: 2 / 2
-------------------------------------------------------------------------
Offset:              4.283ns (Levels of Logic = 1)
  Source:            busy (FF)
  Destination:       busy (PAD)
  Source Clock:      clk rising

  Data Path: busy to busy
                                Gate     Net
    Cell:in->out      fanout   Delay   Delay  Logical Name (Net Name)
    ----------------------------------------  ------------
     FDP:C->Q              1   0.591   0.420  busy (busy_OBUF)
     OBUF:I->O                 3.272          busy_OBUF (busy)
    ----------------------------------------
    Total                      4.283ns (3.863ns logic, 0.420ns route)
                                       (90.2% logic, 9.8% route)

=========================================================================


Total REAL time to Xst completion: 5.00 secs
Total CPU time to Xst completion: 5.17 secs
 
--> 

Total memory usage is 4533980 kilobytes

Number of errors   :    0 (   0 filtered)
Number of warnings :    1 (   0 filtered)
Number of infos    :    2 (   0 filtered)

