MO parityDetector NULL parityDetector.v vlg6B/parity_detector.bin 1561906118
MO transmitter NULL transmitter.v vlg3D/transmitter.bin 1561965267
MO SIPO NULL SIPO.v vlg07/_s_i_p_o.bin 1561989084
MO parityGenerator NULL parityGenerator.v vlg3C/parity_generator.bin 1561902267
MO PISO NULL PISO.v vlg1F/_p_i_s_o.bin 1561987989
MO BaudRateGenerator NULL BaudRateGenerator.v vlg4B/_baud_rate_generator.bin 1561894909
